{
  "fio version" : "fio-2.8",
  "timestamp" : 1460739860,
  "timestamp_ms" : 1460739860000,
  "time" : "Fri Apr 15 17:04:20 2016",
  "global options" : {
    "write_iops_log" : "/home/nutanix/output/fio/oltp/oltp",
    "write_lat_log" : "/home/nutanix/output/fio/oltp/oltp",
    "log_avg_msec" : "1000",
    "runtime" : "15",
    "ioengine" : "libaio",
    "direct" : "1",
    "disk_util" : "0",
    "continue_on_error" : "all"
  },
  "jobs" : [
    {
      "jobname" : "db-oltp1",
      "groupid" : 0,
      "error" : 0,
      "eta" : 10,
      "elapsed" : 6,
      "job options" : {
        "bs" : "32k",
        "size" : "3M",
        "rw" : "randwrite",
        "percentage_random" : "10",
        "iodepth" : "1",
        "iodepth_batch" : "1",
        "rate_iops" : "100",
        "filename" : "/dev/sdc"
      },
      "read" : {
        "io_bytes" : 101952,
        "bw" : 20768,
        "iops" : 1980.04,
        "runtime" : 4909,
        "total_ios" : 9720,
        "short_ios" : 0,
        "drop_ios" : 0,
        "slat" : {
          "min" : 3,
          "max" : 596,
          "mean" : 7.66,
          "stddev" : 6.81
        },
        "clat" : {
          "min" : 168,
          "max" : 270504,
          "mean" : 1526.76,
          "stddev" : 8314.96,
          "percentile" : {
            "1.000000" : 199,
            "5.000000" : 221,
            "10.000000" : 237,
            "20.000000" : 286,
            "30.000000" : 446,
            "40.000000" : 540,
            "50.000000" : 636,
            "60.000000" : 716,
            "70.000000" : 836,
            "80.000000" : 1096,
            "90.000000" : 1960,
            "95.000000" : 3728,
            "99.000000" : 18304,
            "99.500000" : 24448,
            "99.900000" : 118272,
            "99.950000" : 240640,
            "99.990000" : 272384,
            "0.00" : 0,
            "0.00" : 0,
            "0.00" : 0
          }
        },
        "lat" : {
          "min" : 177,
          "max" : 270509,
          "mean" : 1534.72,
          "stddev" : 8314.94
        },
        "bw_min" : 3648,
        "bw_max" : 6754,
        "bw_agg" : 25.06,
        "bw_mean" : 5204.33,
        "bw_dev" : 573.82
      },
      "write" : {
        "io_bytes" : 133320,
        "bw" : 27158,
        "iops" : 2168.67,
        "runtime" : 4909,
        "total_ios" : 10646,
        "short_ios" : 0,
        "drop_ios" : 0,
        "slat" : {
          "min" : 4,
          "max" : 245,
          "mean" : 9.38,
          "stddev" : 4.51
        },
        "clat" : {
          "min" : 685,
          "max" : 273584,
          "mean" : 4459.41,
          "stddev" : 11949.62,
          "percentile" : {
            "1.000000" : 740,
            "5.000000" : 780,
            "10.000000" : 804,
            "20.000000" : 852,
            "30.000000" : 900,
            "40.000000" : 964,
            "50.000000" : 1096,
            "60.000000" : 1416,
            "70.000000" : 1736,
            "80.000000" : 2704,
            "90.000000" : 11840,
            "95.000000" : 22400,
            "99.000000" : 43264,
            "99.500000" : 49408,
            "99.900000" : 238592,
            "99.950000" : 264192,
            "99.990000" : 272384,
            "0.00" : 0,
            "0.00" : 0,
            "0.00" : 0
          }
        },
        "lat" : {
          "min" : 693,
          "max" : 273603,
          "mean" : 4469.09,
          "stddev" : 11949.62
        },
        "bw_min" : 2810,
        "bw_max" : 6578,
        "bw_agg" : 16.71,
        "bw_mean" : 4538.83,
        "bw_dev" : 1050.02
      },
      "trim" : {
        "io_bytes" : 0,
        "bw" : 0,
        "iops" : 0.00,
        "runtime" : 0,
        "total_ios" : 0,
        "short_ios" : 0,
        "drop_ios" : 0,
        "slat" : {
          "min" : 0,
          "max" : 0,
          "mean" : 0.00,
          "stddev" : 0.00
        },
        "clat" : {
          "min" : 0,
          "max" : 0,
          "mean" : 0.00,
          "stddev" : 0.00,
          "percentile" : {
            "1.000000" : 0,
            "5.000000" : 0,
            "10.000000" : 0,
            "20.000000" : 0,
            "30.000000" : 0,
            "40.000000" : 0,
            "50.000000" : 0,
            "60.000000" : 0,
            "70.000000" : 0,
            "80.000000" : 0,
            "90.000000" : 0,
            "95.000000" : 0,
            "99.000000" : 0,
            "99.500000" : 0,
            "99.900000" : 0,
            "99.950000" : 0,
            "99.990000" : 0,
            "0.00" : 0,
            "0.00" : 0,
            "0.00" : 0
          }
        },
        "lat" : {
          "min" : 0,
          "max" : 0,
          "mean" : 0.00,
          "stddev" : 0.00
        },
        "bw_min" : 0,
        "bw_max" : 0,
        "bw_agg" : 0.00,
        "bw_mean" : 0.00,
        "bw_dev" : 0.00
      },
      "usr_cpu" : 0.76,
      "sys_cpu" : 0.70,
      "ctx" : 23638,
      "majf" : 0,
      "minf" : 210,
      "iodepth_level" : {
        "1" : 37.52,
        "2" : 24.32,
        "4" : 4.82,
        "8" : 33.34,
        "16" : 0.00,
        "32" : 0.00,
        ">=64" : 0.00
      },
      "latency_us" : {
        "2" : 0.00,
        "4" : 0.00,
        "10" : 0.00,
        "20" : 0.00,
        "50" : 0.00,
        "100" : 0.00,
        "250" : 6.33,
        "500" : 10.11,
        "750" : 14.69,
        "1000" : 28.46
      },
      "latency_ms" : {
        "2" : 22.75,
        "4" : 5.79,
        "10" : 4.72,
        "20" : 3.44,
        "50" : 3.23,
        "100" : 0.22,
        "250" : 0.06,
        "500" : 0.04,
        "750" : 0.00,
        "1000" : 0.00,
        "2000" : 0.00,
        ">=2000" : 0.00
      },
      "total_err" : 0,
      "first_error" : 0,
      "latency_depth" : 1,
      "latency_target" : 0,
      "latency_percentile" : 100.00,
      "latency_window" : 0
    }
  ]
}
{
  "fio version" : "fio-2.8",
  "timestamp" : 1460739865,
  "timestamp_ms" : 1460739865000,
  "time" : "Fri Apr 15 17:04:25 2016",
  "global options" : {
    "write_iops_log" : "/home/nutanix/output/fio/oltp/oltp",
    "write_lat_log" : "/home/nutanix/output/fio/oltp/oltp",
    "log_avg_msec" : "1000",
    "runtime" : "15",
    "ioengine" : "libaio",
    "direct" : "1",
    "disk_util" : "0",
    "continue_on_error" : "all"
  },
  "jobs" : [
    {
      "jobname" : "db-oltp1",
      "groupid" : 0,
      "error" : 0,
      "eta" : 5,
      "elapsed" : 11,
      "job options" : {
        "bs" : "32k",
        "size" : "3M",
        "rw" : "randwrite",
        "percentage_random" : "10",
        "iodepth" : "1",
        "iodepth_batch" : "1",
        "rate_iops" : "100",
        "filename" : "/dev/sdc"
      },
      "read" : {
        "io_bytes" : 206168,
        "bw" : 20797,
        "iops" : 1982.85,
        "runtime" : 9913,
        "total_ios" : 19656,
        "short_ios" : 0,
        "drop_ios" : 0,
        "slat" : {
          "min" : 3,
          "max" : 596,
          "mean" : 8.36,
          "stddev" : 5.86
        },
        "clat" : {
          "min" : 168,
          "max" : 270504,
          "mean" : 1425.40,
          "stddev" : 6155.53,
          "percentile" : {
            "1.000000" : 205,
            "5.000000" : 229,
            "10.000000" : 255,
            "20.000000" : 354,
            "30.000000" : 524,
            "40.000000" : 604,
            "50.000000" : 684,
            "60.000000" : 764,
            "70.000000" : 892,
            "80.000000" : 1160,
            "90.000000" : 1976,
            "95.000000" : 3568,
            "99.000000" : 17536,
            "99.500000" : 22656,
            "99.900000" : 35072,
            "99.950000" : 118272,
            "99.990000" : 268288,
            "0.00" : 0,
            "0.00" : 0,
            "0.00" : 0
          }
        },
        "lat" : {
          "min" : 177,
          "max" : 270509,
          "mean" : 1434.07,
          "stddev" : 6155.49
        },
        "bw_min" : 3648,
        "bw_max" : 6754,
        "bw_agg" : 25.03,
        "bw_mean" : 5204.46,
        "bw_dev" : 392.38
      },
      "write" : {
        "io_bytes" : 269664,
        "bw" : 27203,
        "iops" : 2200.44,
        "runtime" : 9913,
        "total_ios" : 21813,
        "short_ios" : 0,
        "drop_ios" : 0,
        "slat" : {
          "min" : 4,
          "max" : 245,
          "mean" : 10.31,
          "stddev" : 5.36
        },
        "clat" : {
          "min" : 676,
          "max" : 273584,
          "mean" : 4306.50,
          "stddev" : 10676.59,
          "percentile" : {
            "1.000000" : 740,
            "5.000000" : 788,
            "10.000000" : 812,
            "20.000000" : 860,
            "30.000000" : 916,
            "40.000000" : 988,
            "50.000000" : 1128,
            "60.000000" : 1432,
            "70.000000" : 1752,
            "80.000000" : 2480,
            "90.000000" : 10944,
            "95.000000" : 21888,
            "99.000000" : 45824,
            "99.500000" : 59648,
            "99.900000" : 89600,
            "99.950000" : 238592,
            "99.990000" : 272384,
            "0.00" : 0,
            "0.00" : 0,
            "0.00" : 0
          }
        },
        "lat" : {
          "min" : 690,
          "max" : 273603,
          "mean" : 4317.14,
          "stddev" : 10676.52
        },
        "bw_min" : 2810,
        "bw_max" : 6578,
        "bw_agg" : 16.68,
        "bw_mean" : 4537.35,
        "bw_dev" : 994.70
      },
      "trim" : {
        "io_bytes" : 0,
        "bw" : 0,
        "iops" : 0.00,
        "runtime" : 0,
        "total_ios" : 0,
        "short_ios" : 0,
        "drop_ios" : 0,
        "slat" : {
          "min" : 0,
          "max" : 0,
          "mean" : 0.00,
          "stddev" : 0.00
        },
        "clat" : {
          "min" : 0,
          "max" : 0,
          "mean" : 0.00,
          "stddev" : 0.00,
          "percentile" : {
            "1.000000" : 0,
            "5.000000" : 0,
            "10.000000" : 0,
            "20.000000" : 0,
            "30.000000" : 0,
            "40.000000" : 0,
            "50.000000" : 0,
            "60.000000" : 0,
            "70.000000" : 0,
            "80.000000" : 0,
            "90.000000" : 0,
            "95.000000" : 0,
            "99.000000" : 0,
            "99.500000" : 0,
            "99.900000" : 0,
            "99.950000" : 0,
            "99.990000" : 0,
            "0.00" : 0,
            "0.00" : 0,
            "0.00" : 0
          }
        },
        "lat" : {
          "min" : 0,
          "max" : 0,
          "mean" : 0.00,
          "stddev" : 0.00
        },
        "bw_min" : 0,
        "bw_max" : 0,
        "bw_agg" : 0.00,
        "bw_mean" : 0.00,
        "bw_dev" : 0.00
      },
      "usr_cpu" : 0.75,
      "sys_cpu" : 0.81,
      "ctx" : 47931,
      "majf" : 0,
      "minf" : 216,
      "iodepth_level" : {
        "1" : 37.32,
        "2" : 25.42,
        "4" : 5.64,
        "8" : 31.61,
        "16" : 0.00,
        "32" : 0.00,
        ">=64" : 0.00
      },
      "latency_us" : {
        "2" : 0.00,
        "4" : 0.00,
        "10" : 0.00,
        "20" : 0.00,
        "50" : 0.00,
        "100" : 0.00,
        "250" : 4.32,
        "500" : 8.62,
        "750" : 15.50,
        "1000" : 28.91
      },
      "latency_ms" : {
        "2" : 25.01,
        "4" : 6.32,
        "10" : 4.73,
        "20" : 3.27,
        "50" : 2.91,
        "100" : 0.35,
        "250" : 0.04,
        "500" : 0.02,
        "750" : 0.00,
        "1000" : 0.00,
        "2000" : 0.00,
        ">=2000" : 0.00
      },
      "total_err" : 0,
      "first_error" : 0,
      "latency_depth" : 1,
      "latency_target" : 0,
      "latency_percentile" : 100.00,
      "latency_window" : 0
    }
  ]
}
{
  "fio version" : "fio-2.8",
  "timestamp" : 1460739870,
  "timestamp_ms" : 1460739870000,
  "time" : "Fri Apr 15 17:04:30 2016",
  "global options" : {
    "write_iops_log" : "/home/nutanix/output/fio/oltp/oltp",
    "write_lat_log" : "/home/nutanix/output/fio/oltp/oltp",
    "log_avg_msec" : "1000",
    "runtime" : "15",
    "ioengine" : "libaio",
    "direct" : "1",
    "disk_util" : "0",
    "continue_on_error" : "all"
  },
  "jobs" : [
    {
      "jobname" : "db-oltp1",
      "groupid" : 0,
      "error" : 0,
      "eta" : 0,
      "elapsed" : 16,
      "job options" : {
        "bs" : "32k",
        "size" : "3M",
        "rw" : "randwrite",
        "percentage_random" : "10",
        "iodepth" : "1",
        "iodepth_batch" : "1",
        "rate_iops" : "100",
        "filename" : "/dev/sdc"
      },
      "read" : {
        "io_bytes" : 310208,
        "bw" : 20790,
        "iops" : 1992.23,
        "runtime" : 14921,
        "total_ios" : 29726,
        "short_ios" : 0,
        "drop_ios" : 0,
        "slat" : {
          "min" : 3,
          "max" : 596,
          "mean" : 9.20,
          "stddev" : 6.09
        },
        "clat" : {
          "min" : 168,
          "max" : 270504,
          "mean" : 1432.43,
          "stddev" : 5212.78,
          "percentile" : {
            "1.000000" : 209,
            "5.000000" : 241,
            "10.000000" : 282,
            "20.000000" : 482,
            "30.000000" : 580,
            "40.000000" : 652,
            "50.000000" : 732,
            "60.000000" : 820,
            "70.000000" : 956,
            "80.000000" : 1240,
            "90.000000" : 2096,
            "95.000000" : 3792,
            "99.000000" : 16192,
            "99.500000" : 20864,
            "99.900000" : 33536,
            "99.950000" : 41728,
            "99.990000" : 268288,
            "0.00" : 0,
            "0.00" : 0,
            "0.00" : 0
          }
        },
        "lat" : {
          "min" : 177,
          "max" : 270509,
          "mean" : 1441.96,
          "stddev" : 5212.73
        },
        "bw_min" : 3648,
        "bw_max" : 6754,
        "bw_agg" : 25.03,
        "bw_mean" : 5204.58,
        "bw_dev" : 326.96
      },
      "write" : {
        "io_bytes" : 405472,
        "bw" : 27174,
        "iops" : 2204.81,
        "runtime" : 14921,
        "total_ios" : 32898,
        "short_ios" : 0,
        "drop_ios" : 0,
        "slat" : {
          "min" : 4,
          "max" : 245,
          "mean" : 11.33,
          "stddev" : 6.06
        },
        "clat" : {
          "min" : 676,
          "max" : 273584,
          "mean" : 4310.76,
          "stddev" : 9894.60,
          "percentile" : {
            "1.000000" : 748,
            "5.000000" : 804,
            "10.000000" : 836,
            "20.000000" : 884,
            "30.000000" : 948,
            "40.000000" : 1032,
            "50.000000" : 1192,
            "60.000000" : 1496,
            "70.000000" : 1832,
            "80.000000" : 2864,
            "90.000000" : 11200,
            "95.000000" : 21632,
            "99.000000" : 44288,
            "99.500000" : 54016,
            "99.900000" : 81408,
            "99.950000" : 96768,
            "99.990000" : 268288,
            "0.00" : 0,
            "0.00" : 0,
            "0.00" : 0
          }
        },
        "lat" : {
          "min" : 690,
          "max" : 273603,
          "mean" : 4322.45,
          "stddev" : 9894.52
        },
        "bw_min" : 2810,
        "bw_max" : 6578,
        "bw_agg" : 16.69,
        "bw_mean" : 4534.28,
        "bw_dev" : 985.61
      },
      "trim" : {
        "io_bytes" : 0,
        "bw" : 0,
        "iops" : 0.00,
        "runtime" : 0,
        "total_ios" : 0,
        "short_ios" : 0,
        "drop_ios" : 0,
        "slat" : {
          "min" : 0,
          "max" : 0,
          "mean" : 0.00,
          "stddev" : 0.00
        },
        "clat" : {
          "min" : 0,
          "max" : 0,
          "mean" : 0.00,
          "stddev" : 0.00,
          "percentile" : {
            "1.000000" : 0,
            "5.000000" : 0,
            "10.000000" : 0,
            "20.000000" : 0,
            "30.000000" : 0,
            "40.000000" : 0,
            "50.000000" : 0,
            "60.000000" : 0,
            "70.000000" : 0,
            "80.000000" : 0,
            "90.000000" : 0,
            "95.000000" : 0,
            "99.000000" : 0,
            "99.500000" : 0,
            "99.900000" : 0,
            "99.950000" : 0,
            "99.990000" : 0,
            "0.00" : 0,
            "0.00" : 0,
            "0.00" : 0
          }
        },
        "lat" : {
          "min" : 0,
          "max" : 0,
          "mean" : 0.00,
          "stddev" : 0.00
        },
        "bw_min" : 0,
        "bw_max" : 0,
        "bw_agg" : 0.00,
        "bw_mean" : 0.00,
        "bw_dev" : 0.00
      },
      "usr_cpu" : 0.75,
      "sys_cpu" : 0.93,
      "ctx" : 71562,
      "majf" : 0,
      "minf" : 217,
      "iodepth_level" : {
        "1" : 36.53,
        "2" : 25.65,
        "4" : 6.21,
        "8" : 31.62,
        "16" : 0.00,
        "32" : 0.00,
        ">=64" : 0.00
      },
      "latency_us" : {
        "2" : 0.00,
        "4" : 0.00,
        "10" : 0.00,
        "20" : 0.00,
        "50" : 0.00,
        "100" : 0.00,
        "250" : 2.90,
        "500" : 7.17,
        "750" : 15.46,
        "1000" : 28.25
      },
      "latency_ms" : {
        "2" : 27.14,
        "4" : 7.24,
        "10" : 5.03,
        "20" : 3.54,
        "50" : 2.87,
        "100" : 0.32,
        "250" : 0.02,
        "500" : 0.01,
        "750" : 0.00,
        "1000" : 0.00,
        "2000" : 0.00,
        ">=2000" : 0.00
      },
      "total_err" : 0,
      "first_error" : 0,
      "latency_depth" : 1,
      "latency_target" : 0,
      "latency_percentile" : 100.00,
      "latency_window" : 0
    }
  ]
}
{
  "fio version" : "fio-2.8",
  "timestamp" : 1460739870,
  "timestamp_ms" : 1460739870000,
  "time" : "Fri Apr 15 17:04:30 2016",
  "global options" : {
    "write_iops_log" : "/home/nutanix/output/fio/oltp/oltp",
    "write_lat_log" : "/home/nutanix/output/fio/oltp/oltp",
    "log_avg_msec" : "1000",
    "runtime" : "15",
    "ioengine" : "libaio",
    "direct" : "1",
    "disk_util" : "0",
    "continue_on_error" : "all"
  },
  "jobs" : [
    {
      "jobname" : "db-oltp1",
      "groupid" : 0,
      "error" : 0,
      "eta" : 0,
      "elapsed" : 16,
      "job options" : {
        "bs" : "32k",
        "size" : "3M",
        "rw" : "randwrite",
        "percentage_random" : "10",
        "iodepth" : "1",
        "iodepth_batch" : "1",
        "rate_iops" : "100",
        "filename" : "/dev/sdc"
      },
      "read" : {
        "io_bytes" : 311992,
        "bw" : 20791,
        "iops" : 1992.54,
        "runtime" : 15006,
        "total_ios" : 29900,
        "short_ios" : 0,
        "drop_ios" : 0,
        "slat" : {
          "min" : 3,
          "max" : 596,
          "mean" : 9.20,
          "stddev" : 6.11
        },
        "clat" : {
          "min" : 168,
          "max" : 270504,
          "mean" : 1433.44,
          "stddev" : 5198.73,
          "percentile" : {
            "1.000000" : 209,
            "5.000000" : 241,
            "10.000000" : 282,
            "20.000000" : 482,
            "30.000000" : 580,
            "40.000000" : 660,
            "50.000000" : 732,
            "60.000000" : 820,
            "70.000000" : 956,
            "80.000000" : 1240,
            "90.000000" : 2096,
            "95.000000" : 3792,
            "99.000000" : 16064,
            "99.500000" : 20864,
            "99.900000" : 33536,
            "99.950000" : 41728,
            "99.990000" : 268288,
            "0.00" : 0,
            "0.00" : 0,
            "0.00" : 0
          }
        },
        "lat" : {
          "min" : 177,
          "max" : 270509,
          "mean" : 1442.98,
          "stddev" : 5198.68
        },
        "bw_min" : 3648,
        "bw_max" : 6754,
        "bw_agg" : 25.03,
        "bw_mean" : 5204.58,
        "bw_dev" : 326.96
      },
      "write" : {
        "io_bytes" : 408032,
        "bw" : 27191,
        "iops" : 2204.58,
        "runtime" : 15006,
        "total_ios" : 33082,
        "short_ios" : 0,
        "drop_ios" : 0,
        "slat" : {
          "min" : 4,
          "max" : 245,
          "mean" : 11.33,
          "stddev" : 6.08
        },
        "clat" : {
          "min" : 676,
          "max" : 273584,
          "mean" : 4323.63,
          "stddev" : 9883.70,
          "percentile" : {
            "1.000000" : 748,
            "5.000000" : 804,
            "10.000000" : 836,
            "20.000000" : 884,
            "30.000000" : 948,
            "40.000000" : 1032,
            "50.000000" : 1192,
            "60.000000" : 1512,
            "70.000000" : 1832,
            "80.000000" : 2896,
            "90.000000" : 11200,
            "95.000000" : 21632,
            "99.000000" : 44288,
            "99.500000" : 53504,
            "99.900000" : 81408,
            "99.950000" : 96768,
            "99.990000" : 268288,
            "0.00" : 0,
            "0.00" : 0,
            "0.00" : 0
          }
        },
        "lat" : {
          "min" : 690,
          "max" : 273603,
          "mean" : 4335.32,
          "stddev" : 9883.62
        },
        "bw_min" : 2810,
        "bw_max" : 6578,
        "bw_agg" : 16.68,
        "bw_mean" : 4534.28,
        "bw_dev" : 985.61
      },
      "trim" : {
        "io_bytes" : 0,
        "bw" : 0,
        "iops" : 0.00,
        "runtime" : 0,
        "total_ios" : 0,
        "short_ios" : 0,
        "drop_ios" : 0,
        "slat" : {
          "min" : 0,
          "max" : 0,
          "mean" : 0.00,
          "stddev" : 0.00
        },
        "clat" : {
          "min" : 0,
          "max" : 0,
          "mean" : 0.00,
          "stddev" : 0.00,
          "percentile" : {
            "1.000000" : 0,
            "5.000000" : 0,
            "10.000000" : 0,
            "20.000000" : 0,
            "30.000000" : 0,
            "40.000000" : 0,
            "50.000000" : 0,
            "60.000000" : 0,
            "70.000000" : 0,
            "80.000000" : 0,
            "90.000000" : 0,
            "95.000000" : 0,
            "99.000000" : 0,
            "99.500000" : 0,
            "99.900000" : 0,
            "99.950000" : 0,
            "99.990000" : 0,
            "0.00" : 0,
            "0.00" : 0,
            "0.00" : 0
          }
        },
        "lat" : {
          "min" : 0,
          "max" : 0,
          "mean" : 0.00,
          "stddev" : 0.00
        },
        "bw_min" : 0,
        "bw_max" : 0,
        "bw_agg" : 0.00,
        "bw_mean" : 0.00,
        "bw_dev" : 0.00
      },
      "usr_cpu" : 0.75,
      "sys_cpu" : 0.93,
      "ctx" : 71905,
      "majf" : 0,
      "minf" : 223,
      "iodepth_level" : {
        "1" : 36.45,
        "2" : 25.59,
        "4" : 6.22,
        "8" : 31.74,
        "16" : 0.00,
        "32" : 0.00,
        ">=64" : 0.00
      },
      "latency_us" : {
        "2" : 0.00,
        "4" : 0.00,
        "10" : 0.00,
        "20" : 0.00,
        "50" : 0.00,
        "100" : 0.00,
        "250" : 2.89,
        "500" : 7.14,
        "750" : 15.43,
        "1000" : 28.17
      },
      "latency_ms" : {
        "2" : 27.21,
        "4" : 7.28,
        "10" : 5.09,
        "20" : 3.57,
        "50" : 2.88,
        "100" : 0.32,
        "250" : 0.02,
        "500" : 0.01,
        "750" : 0.00,
        "1000" : 0.00,
        "2000" : 0.00,
        ">=2000" : 0.00
      },
      "total_err" : 0,
      "first_error" : 0,
      "latency_depth" : 1,
      "latency_target" : 0,
      "latency_percentile" : 100.00,
      "latency_window" : 0
    }
  ]
}
