{
  "fio version" : "fio-2.8-12-g5328",
  "timestamp" : 1460734491,
  "timestamp_ms" : 1460734491000,
  "time" : "Fri Apr 15 11:34:51 2016",
  "global options" : {
    "runtime" : "10",
    "ioengine" : "libaio",
    "direct" : "1",
    "disk_util" : "0",
    "continue_on_error" : "all",
    "rate_process" : "poisson"
  },
  "jobs" : [
    {
      "jobname" : "db-oltp1",
      "groupid" : 0,
      "error" : 0,
      "eta" : 2147483647,
      "elapsed" : 2,
      "job options" : {
        "bs" : "32k",
        "size" : "3M",
        "rw" : "randwrite",
        "percentage_random" : "10",
        "iodepth" : "1",
        "iodepth_batch" : "1",
        "rate_iops" : "5",
        "filename" : "testlog"
      },
      "read" : {
        "io_bytes" : 1992,
        "bw" : 2213,
        "iops" : 252.22,
        "runtime" : 900,
        "total_ios" : 227,
        "short_ios" : 0,
        "drop_ios" : 0,
        "slat" : {
          "min" : 7,
          "max" : 149,
          "mean" : 24.10,
          "stddev" : 11.33
        },
        "clat" : {
          "min" : 366,
          "max" : 4207,
          "mean" : 889.51,
          "stddev" : 575.17,
          "percentile" : {
            "1.000000" : 374,
            "5.000000" : 394,
            "10.000000" : 410,
            "20.000000" : 446,
            "30.000000" : 474,
            "40.000000" : 532,
            "50.000000" : 772,
            "60.000000" : 996,
            "70.000000" : 1064,
            "80.000000" : 1144,
            "90.000000" : 1416,
            "95.000000" : 2064,
            "99.000000" : 2832,
            "99.500000" : 3856,
            "99.900000" : 4192,
            "99.950000" : 4192,
            "99.990000" : 4192,
            "0.00" : 0,
            "0.00" : 0,
            "0.00" : 0
          }
        },
        "lat" : {
          "min" : 392,
          "max" : 4226,
          "mean" : 914.48,
          "stddev" : 573.44
        },
        "bw_min" : 881,
        "bw_max" : 1241,
        "bw_agg" : 50.06,
        "bw_mean" : 1107.75,
        "bw_dev" : 168.87
      },
      "write" : {
        "io_bytes" : 2264,
        "bw" : 2515,
        "iops" : 257.78,
        "runtime" : 900,
        "total_ios" : 232,
        "short_ios" : 0,
        "drop_ios" : 0,
        "slat" : {
          "min" : 9,
          "max" : 140,
          "mean" : 26.16,
          "stddev" : 15.22
        },
        "clat" : {
          "min" : 903,
          "max" : 5313,
          "mean" : 1363.13,
          "stddev" : 516.41,
          "percentile" : {
            "1.000000" : 948,
            "5.000000" : 1020,
            "10.000000" : 1032,
            "20.000000" : 1080,
            "30.000000" : 1128,
            "40.000000" : 1176,
            "50.000000" : 1208,
            "60.000000" : 1272,
            "70.000000" : 1320,
            "80.000000" : 1448,
            "90.000000" : 1832,
            "95.000000" : 2448,
            "99.000000" : 3152,
            "99.500000" : 4640,
            "99.900000" : 5344,
            "99.950000" : 5344,
            "99.990000" : 5344,
            "0.00" : 0,
            "0.00" : 0,
            "0.00" : 0
          }
        },
        "lat" : {
          "min" : 929,
          "max" : 5326,
          "mean" : 1390.22,
          "stddev" : 516.37
        },
        "bw_min" : 237,
        "bw_max" : 1147,
        "bw_agg" : 33.14,
        "bw_mean" : 833.50,
        "bw_dev" : 356.49
      },
      "trim" : {
        "io_bytes" : 0,
        "bw" : 0,
        "iops" : 0.00,
        "runtime" : 0,
        "total_ios" : 0,
        "short_ios" : 0,
        "drop_ios" : 0,
        "slat" : {
          "min" : 0,
          "max" : 0,
          "mean" : 0.00,
          "stddev" : 0.00
        },
        "clat" : {
          "min" : 0,
          "max" : 0,
          "mean" : 0.00,
          "stddev" : 0.00,
          "percentile" : {
            "1.000000" : 0,
            "5.000000" : 0,
            "10.000000" : 0,
            "20.000000" : 0,
            "30.000000" : 0,
            "40.000000" : 0,
            "50.000000" : 0,
            "60.000000" : 0,
            "70.000000" : 0,
            "80.000000" : 0,
            "90.000000" : 0,
            "95.000000" : 0,
            "99.000000" : 0,
            "99.500000" : 0,
            "99.900000" : 0,
            "99.950000" : 0,
            "99.990000" : 0,
            "0.00" : 0,
            "0.00" : 0,
            "0.00" : 0
          }
        },
        "lat" : {
          "min" : 0,
          "max" : 0,
          "mean" : 0.00,
          "stddev" : 0.00
        },
        "bw_min" : 0,
        "bw_max" : 0,
        "bw_agg" : 0.00,
        "bw_mean" : 0.00,
        "bw_dev" : 0.00
      },
      "usr_cpu" : 0.59,
      "sys_cpu" : 0.30,
      "ctx" : 679,
      "majf" : 0,
      "minf" : 34,
      "iodepth_level" : {
        "1" : 78.21,
        "2" : 18.74,
        "4" : 1.74,
        "8" : 1.31,
        "16" : 0.00,
        "32" : 0.00,
        ">=64" : 0.00
      },
      "latency_us" : {
        "2" : 0.00,
        "4" : 0.00,
        "10" : 0.00,
        "20" : 0.00,
        "50" : 0.00,
        "100" : 0.00,
        "250" : 0.00,
        "500" : 17.21,
        "750" : 6.97,
        "1000" : 6.75
      },
      "latency_ms" : {
        "2" : 62.31,
        "4" : 6.10,
        "10" : 0.65,
        "20" : 0.00,
        "50" : 0.00,
        "100" : 0.00,
        "250" : 0.00,
        "500" : 0.00,
        "750" : 0.00,
        "1000" : 0.00,
        "2000" : 0.00,
        ">=2000" : 0.00
      },
      "total_err" : 0,
      "first_error" : 0,
      "latency_depth" : 1,
      "latency_target" : 0,
      "latency_percentile" : 100.00,
      "latency_window" : 0
    }
  ]
}
